[dotenv@17.2.3] injecting env (9) from .env -- tip: ≡ƒôí add observability to secrets: https://dotenvx.com/ops
---- Generating Admin Token for ID: new ObjectId('698dc4e9e4ab01832cb76fc5') ----
Token received.

---- Test 1: Invalid Name (Numbers) ----
Test 1 Result: 400 Full name can only contain letters and spaces, and maximum 100 characters.

---- Test 2: Invalid Phone (Letters) ----
Test 2 Result: 400 Phone number must be exactly 10 digits.

---- Test 3: Invalid Phone (Length) ----
Test 3 Result: 400 Phone number must be exactly 10 digits.

---- Test 4: Duplicate Email ----
Test 4 Result: 400 Email already registered

---- Test 5: Valid User Registration ----
node : Test 5 FAILED! Valid user creation was rejected. {
At line:1 char:1
+ node test_validations.js > test_output.txt 2>&1
+ ~~~~~~~~~~~~~~~~~~~~~~~~~~~~~~~~~~~~~~~~~~~~~~~
    + CategoryInfo          : NotSpecified: (Test 5 FAILED! 
    ...was rejected. {:String) [], RemoteException
    + FullyQualifiedErrorId : NativeCommandError
 
  message: 'Server error creating user',
  detail: 'User validation failed: gender: Path `gender` is 
required.'
}
